<?xml version="1.0" encoding="UTF-8"?>
<TestRun id="96e00713-c7d2-4134-b9ca-5081a0ed74dd" name="Labouts@LION-2011 2012-01-27 22:19:31" runUser="Lion-2011\Labouts" xmlns="http://microsoft.com/schemas/VisualStudio/TeamTest/2010">
  <TestSettings name="Local" id="0986ac97-03c6-40d0-bcbd-a36784bd35d9">
    <Description>These are default test settings for a local test run.</Description>
    <Deployment enabled="false" runDeploymentRoot="Labouts_LION-2011 2012-01-27 22_19_31">
      <DeploymentItem filename="Z:\Data\C#\XNA\Warlord\Warlord\Warlord\bin\x86\Debug\Warlord.exe" />
    </Deployment>
    <Execution>
      <TestTypeSpecific />
      <AgentRule name="Execution Agents">
      </AgentRule>
    </Execution>
  </TestSettings>
  <Times creation="2012-01-27T22:19:31.8385939-08:00" queuing="2012-01-27T22:19:33.1226673-08:00" start="2012-01-27T22:19:33.1726702-08:00" finish="2012-01-27T22:19:33.9447144-08:00" />
  <ResultSummary outcome="Failed">
    <Counters total="3" executed="3" passed="1" error="0" failed="1" timeout="0" aborted="0" inconclusive="1" passedButRunAborted="0" notRunnable="0" notExecuted="0" disconnected="0" warning="0" completed="0" inProgress="0" pending="0" />
  </ResultSummary>
  <TestDefinitions>
    <UnitTest name="GetAndRemoveTest" storage="z:\data\c#\xna\warlord\warlordunittest\bin\debug\warlordunittest.dll" id="eb643b59-127a-4d30-f789-e91b4c5ab446">
      <Execution id="d7b3eb14-830a-455b-9bb9-5a1849c7b050" />
      <TestMethod codeBase="Z:/Data/C#/XNA/Warlord/WarlordUnitTest/bin/Debug/WarlordUnitTest.DLL" adapterTypeName="Microsoft.VisualStudio.TestTools.TestTypes.Unit.UnitTestAdapter, Microsoft.VisualStudio.QualityTools.Tips.UnitTest.Adapter, Version=10.0.0.0, Culture=neutral, PublicKeyToken=b03f5f7f11d50a3a" className="WarlordUnitTest.MultipriorityQueueTest, WarlordUnitTest, Version=1.0.0.0, Culture=neutral, PublicKeyToken=null" name="GetAndRemoveTest" />
    </UnitTest>
    <UnitTest name="AddTest" storage="z:\data\c#\xna\warlord\warlordunittest\bin\debug\warlordunittest.dll" id="bf5428d9-601d-47f3-ada7-274e12dfab78">
      <Execution id="31f5eab5-ebe9-480a-a12b-9a31321a3d08" />
      <TestMethod codeBase="Z:/Data/C#/XNA/Warlord/WarlordUnitTest/bin/Debug/WarlordUnitTest.DLL" adapterTypeName="Microsoft.VisualStudio.TestTools.TestTypes.Unit.UnitTestAdapter, Microsoft.VisualStudio.QualityTools.Tips.UnitTest.Adapter, Version=10.0.0.0, Culture=neutral, PublicKeyToken=b03f5f7f11d50a3a" className="WarlordUnitTest.MultipriorityQueueTest, WarlordUnitTest, Version=1.0.0.0, Culture=neutral, PublicKeyToken=null" name="AddTest" />
    </UnitTest>
    <UnitTest name="MultipriorityQueueConstructorTest" storage="z:\data\c#\xna\warlord\warlordunittest\bin\debug\warlordunittest.dll" id="d2de6350-ad34-8fb4-170b-08d8d9a70e13">
      <Execution id="f8bf0349-4f37-4f31-bb47-3ecace665883" />
      <TestMethod codeBase="Z:/Data/C#/XNA/Warlord/WarlordUnitTest/bin/Debug/WarlordUnitTest.DLL" adapterTypeName="Microsoft.VisualStudio.TestTools.TestTypes.Unit.UnitTestAdapter, Microsoft.VisualStudio.QualityTools.Tips.UnitTest.Adapter, Version=10.0.0.0, Culture=neutral, PublicKeyToken=b03f5f7f11d50a3a" className="WarlordUnitTest.MultipriorityQueueTest, WarlordUnitTest, Version=1.0.0.0, Culture=neutral, PublicKeyToken=null" name="MultipriorityQueueConstructorTest" />
    </UnitTest>
  </TestDefinitions>
  <TestLists>
    <TestList name="Results Not in a List" id="8c84fa94-04c1-424b-9868-57a2d4851a1d" />
    <TestList name="All Loaded Results" id="19431567-8539-422a-85d7-44ee4e166bda" />
  </TestLists>
  <TestEntries>
    <TestEntry testId="d2de6350-ad34-8fb4-170b-08d8d9a70e13" executionId="f8bf0349-4f37-4f31-bb47-3ecace665883" testListId="8c84fa94-04c1-424b-9868-57a2d4851a1d" />
    <TestEntry testId="bf5428d9-601d-47f3-ada7-274e12dfab78" executionId="31f5eab5-ebe9-480a-a12b-9a31321a3d08" testListId="8c84fa94-04c1-424b-9868-57a2d4851a1d" />
    <TestEntry testId="eb643b59-127a-4d30-f789-e91b4c5ab446" executionId="d7b3eb14-830a-455b-9bb9-5a1849c7b050" testListId="8c84fa94-04c1-424b-9868-57a2d4851a1d" />
  </TestEntries>
  <Results>
    <UnitTestResult executionId="f8bf0349-4f37-4f31-bb47-3ecace665883" testId="d2de6350-ad34-8fb4-170b-08d8d9a70e13" testName="MultipriorityQueueConstructorTest" computerName="LION-2011" duration="00:00:00.0502138" startTime="2012-01-27T22:19:33.1986717-08:00" endTime="2012-01-27T22:19:33.8147069-08:00" testType="13cdc9d9-ddb5-4fa4-a97d-d965ccfc6d4b" outcome="Inconclusive" testListId="8c84fa94-04c1-424b-9868-57a2d4851a1d" relativeResultsDirectory="f8bf0349-4f37-4f31-bb47-3ecace665883">
      <Output>
        <ErrorInfo>
          <Message>Assert.Inconclusive failed. TODO: Implement code to verify target</Message>
          <StackTrace>   at WarlordUnitTest.MultipriorityQueueTest.MultipriorityQueueConstructorTestHelper[value,data]() in Z:\Data\C#\XNA\Warlord\WarlordUnitTest\MultipriorityQueueTest.cs:line 76
   at WarlordUnitTest.MultipriorityQueueTest.MultipriorityQueueConstructorTest() in Z:\Data\C#\XNA\Warlord\WarlordUnitTest\MultipriorityQueueTest.cs:line 82
</StackTrace>
        </ErrorInfo>
      </Output>
    </UnitTestResult>
    <UnitTestResult executionId="31f5eab5-ebe9-480a-a12b-9a31321a3d08" testId="bf5428d9-601d-47f3-ada7-274e12dfab78" testName="AddTest" computerName="LION-2011" duration="00:00:00.0051776" startTime="2012-01-27T22:19:33.8177071-08:00" endTime="2012-01-27T22:19:33.8297078-08:00" testType="13cdc9d9-ddb5-4fa4-a97d-d965ccfc6d4b" outcome="Passed" testListId="8c84fa94-04c1-424b-9868-57a2d4851a1d" relativeResultsDirectory="31f5eab5-ebe9-480a-a12b-9a31321a3d08">
    </UnitTestResult>
    <UnitTestResult executionId="d7b3eb14-830a-455b-9bb9-5a1849c7b050" testId="eb643b59-127a-4d30-f789-e91b4c5ab446" testName="GetAndRemoveTest" computerName="LION-2011" duration="00:00:00.0291630" startTime="2012-01-27T22:19:33.8327079-08:00" endTime="2012-01-27T22:19:33.8677099-08:00" testType="13cdc9d9-ddb5-4fa4-a97d-d965ccfc6d4b" outcome="Failed" testListId="8c84fa94-04c1-424b-9868-57a2d4851a1d" relativeResultsDirectory="d7b3eb14-830a-455b-9bb9-5a1849c7b050">
      <Output>
        <ErrorInfo>
          <Message>Assert.AreEqual failed. Expected:&lt;(null)&gt;. Actual:&lt;System.Collections.Generic.List`1[Microsoft.VisualStudio.TestTools.UnitTesting.GenericParameterHelper]&gt;. </Message>
          <StackTrace>   at WarlordUnitTest.MultipriorityQueueTest.GetAndRemoveTestHelper[value,data]() in Z:\Data\C#\XNA\Warlord\WarlordUnitTest\MultipriorityQueueTest.cs:line 129
   at WarlordUnitTest.MultipriorityQueueTest.GetAndRemoveTest() in Z:\Data\C#\XNA\Warlord\WarlordUnitTest\MultipriorityQueueTest.cs:line 136
</StackTrace>
        </ErrorInfo>
      </Output>
    </UnitTestResult>
  </Results>
</TestRun>