<?xml version="1.0" encoding="UTF-8"?>
<TestRun id="bd66cb4f-147e-4314-aa58-7f2514a6b5aa" name="Labouts@LION-2011 2012-01-27 23:06:12" runUser="Lion-2011\Labouts" xmlns="http://microsoft.com/schemas/VisualStudio/TeamTest/2010">
  <TestSettings name="Local" id="0986ac97-03c6-40d0-bcbd-a36784bd35d9">
    <Description>These are default test settings for a local test run.</Description>
    <Deployment userDeploymentRoot="Z:\Data\C#\XNA\Warlord\TestResults" useDefaultDeploymentRoot="false" enabled="false" runDeploymentRoot="Labouts_LION-2011 2012-01-27 23_06_12">
      <DeploymentItem filename="Z:\Data\C#\XNA\Warlord\Warlord\Warlord\bin\x86\Debug\Warlord.exe" />
    </Deployment>
    <Execution>
      <TestTypeSpecific />
      <AgentRule name="Execution Agents">
      </AgentRule>
    </Execution>
  </TestSettings>
  <Times creation="2012-01-27T23:06:12.4417792-08:00" queuing="2012-01-27T23:06:12.5287842-08:00" start="2012-01-27T23:06:12.5557858-08:00" finish="2012-01-27T23:06:12.8318015-08:00" />
  <ResultSummary outcome="Failed">
    <Counters total="2" executed="2" passed="1" error="0" failed="1" timeout="0" aborted="0" inconclusive="0" passedButRunAborted="0" notRunnable="0" notExecuted="0" disconnected="0" warning="0" completed="0" inProgress="0" pending="0" />
  </ResultSummary>
  <TestDefinitions>
    <UnitTest name="SendEventTest" storage="z:\data\c#\xna\warlord\warlordunittest\bin\debug\warlordunittest.dll" id="4fcb64ed-2d2d-8dfa-a098-9dc9c3270adb">
      <Execution id="06b4ccb7-657e-486d-ba8e-e5e639ebaab1" />
      <TestMethod codeBase="Z:/Data/C#/XNA/Warlord/WarlordUnitTest/bin/Debug/WarlordUnitTest.DLL" adapterTypeName="Microsoft.VisualStudio.TestTools.TestTypes.Unit.UnitTestAdapter, Microsoft.VisualStudio.QualityTools.Tips.UnitTest.Adapter, Version=10.0.0.0, Culture=neutral, PublicKeyToken=b03f5f7f11d50a3a" className="WarlordUnitTest.WarlordEventManagerTest, WarlordUnitTest, Version=1.0.0.0, Culture=neutral, PublicKeyToken=null" name="SendEventTest" />
    </UnitTest>
    <UnitTest name="SendDelayedEventsTest" storage="z:\data\c#\xna\warlord\warlordunittest\bin\debug\warlordunittest.dll" id="120298f9-824b-c9f5-2939-c9f7cbec2c4a">
      <Execution id="a8c254e9-bbf2-481c-a74a-2b6ee9bae4bf" />
      <TestMethod codeBase="Z:/Data/C#/XNA/Warlord/WarlordUnitTest/bin/Debug/WarlordUnitTest.DLL" adapterTypeName="Microsoft.VisualStudio.TestTools.TestTypes.Unit.UnitTestAdapter, Microsoft.VisualStudio.QualityTools.Tips.UnitTest.Adapter, Version=10.0.0.0, Culture=neutral, PublicKeyToken=b03f5f7f11d50a3a" className="WarlordUnitTest.WarlordEventManagerTest, WarlordUnitTest, Version=1.0.0.0, Culture=neutral, PublicKeyToken=null" name="SendDelayedEventsTest" />
    </UnitTest>
  </TestDefinitions>
  <TestLists>
    <TestList name="Results Not in a List" id="8c84fa94-04c1-424b-9868-57a2d4851a1d" />
    <TestList name="All Loaded Results" id="19431567-8539-422a-85d7-44ee4e166bda" />
  </TestLists>
  <TestEntries>
    <TestEntry testId="4fcb64ed-2d2d-8dfa-a098-9dc9c3270adb" executionId="06b4ccb7-657e-486d-ba8e-e5e639ebaab1" testListId="8c84fa94-04c1-424b-9868-57a2d4851a1d" />
    <TestEntry testId="120298f9-824b-c9f5-2939-c9f7cbec2c4a" executionId="a8c254e9-bbf2-481c-a74a-2b6ee9bae4bf" testListId="8c84fa94-04c1-424b-9868-57a2d4851a1d" />
  </TestEntries>
  <Results>
    <UnitTestResult executionId="06b4ccb7-657e-486d-ba8e-e5e639ebaab1" testId="4fcb64ed-2d2d-8dfa-a098-9dc9c3270adb" testName="SendEventTest" computerName="LION-2011" duration="00:00:00.0141213" startTime="2012-01-27T23:06:12.5617861-08:00" endTime="2012-01-27T23:06:12.7947994-08:00" testType="13cdc9d9-ddb5-4fa4-a97d-d965ccfc6d4b" outcome="Passed" testListId="8c84fa94-04c1-424b-9868-57a2d4851a1d" relativeResultsDirectory="06b4ccb7-657e-486d-ba8e-e5e639ebaab1">
    </UnitTestResult>
    <UnitTestResult executionId="a8c254e9-bbf2-481c-a74a-2b6ee9bae4bf" testId="120298f9-824b-c9f5-2939-c9f7cbec2c4a" testName="SendDelayedEventsTest" computerName="LION-2011" duration="00:00:00.0189043" startTime="2012-01-27T23:06:12.7957995-08:00" endTime="2012-01-27T23:06:12.8188008-08:00" testType="13cdc9d9-ddb5-4fa4-a97d-d965ccfc6d4b" outcome="Failed" testListId="8c84fa94-04c1-424b-9868-57a2d4851a1d" relativeResultsDirectory="a8c254e9-bbf2-481c-a74a-2b6ee9bae4bf">
      <Output>
        <ErrorInfo>
          <Message>Test method WarlordUnitTest.WarlordEventManagerTest.SendDelayedEventsTest threw exception: 
System.ArgumentOutOfRangeException: Index was out of range. Must be non-negative and less than the size of the collection.
Parameter name: index</Message>
          <StackTrace>    at System.ThrowHelper.ThrowArgumentOutOfRangeException()
   at System.Collections.Generic.List`1.get_Item(Int32 index)
   at GameTools.MultipriorityQueue`2.GetAndRemove(value cieling) in Z:\Data\C#\XNA\Warlord\Warlord\Warlord\GameTools\MultipriorityQueue.cs:line 46
   at Warlord.Event.WarlordEventManager.SendDelayedEvents(Int32 currentTime) in Z:\Data\C#\XNA\Warlord\Warlord\Warlord\Event\WarlordEventManager.cs:line 56
   at WarlordUnitTest.WarlordEventManagerTest.SendDelayedEventsTest() in Z:\Data\C#\XNA\Warlord\WarlordUnitTest\WarlordEventManagerTest.cs:line 86
</StackTrace>
        </ErrorInfo>
      </Output>
    </UnitTestResult>
  </Results>
</TestRun>