<?xml version="1.0" encoding="UTF-8"?>
<TestRun id="c8fab54e-3384-4bf8-8786-08d3f82d0df5" name="Labouts@LION-2011 2012-01-27 23:09:47" runUser="Lion-2011\Labouts" xmlns="http://microsoft.com/schemas/VisualStudio/TeamTest/2010">
  <TestSettings name="Local" id="0986ac97-03c6-40d0-bcbd-a36784bd35d9">
    <Description>These are default test settings for a local test run.</Description>
    <Deployment enabled="false" runDeploymentRoot="Labouts_LION-2011 2012-01-27 23_09_47">
      <DeploymentItem filename="Z:\Data\C#\XNA\Warlord\Warlord\Warlord\bin\x86\Debug\Warlord.exe" />
    </Deployment>
    <Execution>
      <TestTypeSpecific />
      <AgentRule name="Execution Agents">
      </AgentRule>
    </Execution>
  </TestSettings>
  <Times creation="2012-01-27T23:09:47.4970797-08:00" queuing="2012-01-27T23:09:48.4211325-08:00" start="2012-01-27T23:09:48.4741356-08:00" finish="2012-01-27T23:09:49.1521744-08:00" />
  <ResultSummary outcome="Completed">
    <Counters total="4" executed="4" passed="4" error="0" failed="0" timeout="0" aborted="0" inconclusive="0" passedButRunAborted="0" notRunnable="0" notExecuted="0" disconnected="0" warning="0" completed="0" inProgress="0" pending="0" />
  </ResultSummary>
  <TestDefinitions>
    <UnitTest name="SendDelayedEventsTest" storage="z:\data\c#\xna\warlord\warlordunittest\bin\debug\warlordunittest.dll" id="120298f9-824b-c9f5-2939-c9f7cbec2c4a">
      <Execution id="788f86fe-b002-4b1d-befb-7be9812500c9" />
      <TestMethod codeBase="Z:/Data/C#/XNA/Warlord/WarlordUnitTest/bin/Debug/WarlordUnitTest.DLL" adapterTypeName="Microsoft.VisualStudio.TestTools.TestTypes.Unit.UnitTestAdapter, Microsoft.VisualStudio.QualityTools.Tips.UnitTest.Adapter, Version=10.0.0.0, Culture=neutral, PublicKeyToken=b03f5f7f11d50a3a" className="WarlordUnitTest.WarlordEventManagerTest, WarlordUnitTest, Version=1.0.0.0, Culture=neutral, PublicKeyToken=null" name="SendDelayedEventsTest" />
    </UnitTest>
    <UnitTest name="SendEventTest" storage="z:\data\c#\xna\warlord\warlordunittest\bin\debug\warlordunittest.dll" id="4fcb64ed-2d2d-8dfa-a098-9dc9c3270adb">
      <Execution id="8b3ab342-08c0-4617-9c00-9b8f612e2070" />
      <TestMethod codeBase="Z:/Data/C#/XNA/Warlord/WarlordUnitTest/bin/Debug/WarlordUnitTest.DLL" adapterTypeName="Microsoft.VisualStudio.TestTools.TestTypes.Unit.UnitTestAdapter, Microsoft.VisualStudio.QualityTools.Tips.UnitTest.Adapter, Version=10.0.0.0, Culture=neutral, PublicKeyToken=b03f5f7f11d50a3a" className="WarlordUnitTest.WarlordEventManagerTest, WarlordUnitTest, Version=1.0.0.0, Culture=neutral, PublicKeyToken=null" name="SendEventTest" />
    </UnitTest>
    <UnitTest name="AddTest" storage="z:\data\c#\xna\warlord\warlordunittest\bin\debug\warlordunittest.dll" id="bf5428d9-601d-47f3-ada7-274e12dfab78">
      <Execution id="58a9d7d0-00e7-49f4-b3f7-e602e871db77" />
      <TestMethod codeBase="Z:/Data/C#/XNA/Warlord/WarlordUnitTest/bin/Debug/WarlordUnitTest.DLL" adapterTypeName="Microsoft.VisualStudio.TestTools.TestTypes.Unit.UnitTestAdapter, Microsoft.VisualStudio.QualityTools.Tips.UnitTest.Adapter, Version=10.0.0.0, Culture=neutral, PublicKeyToken=b03f5f7f11d50a3a" className="WarlordUnitTest.MultipriorityQueueTest, WarlordUnitTest, Version=1.0.0.0, Culture=neutral, PublicKeyToken=null" name="AddTest" />
    </UnitTest>
    <UnitTest name="GetAndRemoveTest" storage="z:\data\c#\xna\warlord\warlordunittest\bin\debug\warlordunittest.dll" id="eb643b59-127a-4d30-f789-e91b4c5ab446">
      <Execution id="4d987dbc-f5e3-4de1-90fa-437776a7e15f" />
      <TestMethod codeBase="Z:/Data/C#/XNA/Warlord/WarlordUnitTest/bin/Debug/WarlordUnitTest.DLL" adapterTypeName="Microsoft.VisualStudio.TestTools.TestTypes.Unit.UnitTestAdapter, Microsoft.VisualStudio.QualityTools.Tips.UnitTest.Adapter, Version=10.0.0.0, Culture=neutral, PublicKeyToken=b03f5f7f11d50a3a" className="WarlordUnitTest.MultipriorityQueueTest, WarlordUnitTest, Version=1.0.0.0, Culture=neutral, PublicKeyToken=null" name="GetAndRemoveTest" />
    </UnitTest>
  </TestDefinitions>
  <TestLists>
    <TestList name="Results Not in a List" id="8c84fa94-04c1-424b-9868-57a2d4851a1d" />
    <TestList name="All Loaded Results" id="19431567-8539-422a-85d7-44ee4e166bda" />
  </TestLists>
  <TestEntries>
    <TestEntry testId="bf5428d9-601d-47f3-ada7-274e12dfab78" executionId="58a9d7d0-00e7-49f4-b3f7-e602e871db77" testListId="8c84fa94-04c1-424b-9868-57a2d4851a1d" />
    <TestEntry testId="eb643b59-127a-4d30-f789-e91b4c5ab446" executionId="4d987dbc-f5e3-4de1-90fa-437776a7e15f" testListId="8c84fa94-04c1-424b-9868-57a2d4851a1d" />
    <TestEntry testId="120298f9-824b-c9f5-2939-c9f7cbec2c4a" executionId="788f86fe-b002-4b1d-befb-7be9812500c9" testListId="8c84fa94-04c1-424b-9868-57a2d4851a1d" />
    <TestEntry testId="4fcb64ed-2d2d-8dfa-a098-9dc9c3270adb" executionId="8b3ab342-08c0-4617-9c00-9b8f612e2070" testListId="8c84fa94-04c1-424b-9868-57a2d4851a1d" />
  </TestEntries>
  <Results>
    <UnitTestResult executionId="58a9d7d0-00e7-49f4-b3f7-e602e871db77" testId="bf5428d9-601d-47f3-ada7-274e12dfab78" testName="AddTest" computerName="LION-2011" duration="00:00:00.0150980" startTime="2012-01-27T23:09:48.4991370-08:00" endTime="2012-01-27T23:09:49.0581690-08:00" testType="13cdc9d9-ddb5-4fa4-a97d-d965ccfc6d4b" outcome="Passed" testListId="8c84fa94-04c1-424b-9868-57a2d4851a1d" relativeResultsDirectory="58a9d7d0-00e7-49f4-b3f7-e602e871db77">
    </UnitTestResult>
    <UnitTestResult executionId="4d987dbc-f5e3-4de1-90fa-437776a7e15f" testId="eb643b59-127a-4d30-f789-e91b4c5ab446" testName="GetAndRemoveTest" computerName="LION-2011" duration="00:00:00.0006414" startTime="2012-01-27T23:09:49.0691696-08:00" endTime="2012-01-27T23:09:49.0761700-08:00" testType="13cdc9d9-ddb5-4fa4-a97d-d965ccfc6d4b" outcome="Passed" testListId="8c84fa94-04c1-424b-9868-57a2d4851a1d" relativeResultsDirectory="4d987dbc-f5e3-4de1-90fa-437776a7e15f">
    </UnitTestResult>
    <UnitTestResult executionId="788f86fe-b002-4b1d-befb-7be9812500c9" testId="120298f9-824b-c9f5-2939-c9f7cbec2c4a" testName="SendDelayedEventsTest" computerName="LION-2011" duration="00:00:00.0032399" startTime="2012-01-27T23:09:49.0791702-08:00" endTime="2012-01-27T23:09:49.0891708-08:00" testType="13cdc9d9-ddb5-4fa4-a97d-d965ccfc6d4b" outcome="Passed" testListId="8c84fa94-04c1-424b-9868-57a2d4851a1d" relativeResultsDirectory="788f86fe-b002-4b1d-befb-7be9812500c9">
    </UnitTestResult>
    <UnitTestResult executionId="8b3ab342-08c0-4617-9c00-9b8f612e2070" testId="4fcb64ed-2d2d-8dfa-a098-9dc9c3270adb" testName="SendEventTest" computerName="LION-2011" duration="00:00:00.0002796" startTime="2012-01-27T23:09:49.0921709-08:00" endTime="2012-01-27T23:09:49.0981713-08:00" testType="13cdc9d9-ddb5-4fa4-a97d-d965ccfc6d4b" outcome="Passed" testListId="8c84fa94-04c1-424b-9868-57a2d4851a1d" relativeResultsDirectory="8b3ab342-08c0-4617-9c00-9b8f612e2070">
    </UnitTestResult>
  </Results>
</TestRun>